// Jest Snapshot v1, https://goo.gl/fbAQLP

exports[`Testing createDeleteEntryMockFacade should create 1`] = `
DataDeleteMockFacade {
  "deleteExistingEntity": [MockFunction],
}
`;
