// Jest Snapshot v1, https://goo.gl/fbAQLP

exports[`HubConnectionInjectorService should throw an error on improper host 1`] = `[Error: WebSocket failed to connect. The connection could not be found on the server, either the endpoint may not be a SignalR endpoint, the connection ID is not present on the server, or there is a proxy blocking WebSockets. If you have multiple servers check that sticky sessions are enabled.]`;
