// Jest Snapshot v1, https://goo.gl/fbAQLP

exports[`KendoODataComponentBase should reset 1`] = `
Object {
  "childFilters": undefined,
  "filter": Object {
    "filters": Array [
      Object {
        "field": "x",
        "operator": "eq",
        "value": 1,
      },
    ],
    "logic": "and",
  },
  "inFilters": undefined,
  "selectors": Array [
    "x",
    "y",
    "z",
  ],
  "sort": Array [
    Object {
      "dir": "desc",
      "field": "x",
    },
  ],
}
`;
