// Jest Snapshot v1, https://goo.gl/fbAQLP

exports[`CertificationEditComponent should update 1`] = `
{
  "expiresOnUtc": Any<Date>,
  "id": "ID",
  "isEnabled": true,
  "name": "NAME",
}
`;
