// Jest Snapshot v1, https://goo.gl/fbAQLP

exports[`ImngKendoODataModule should initialize 1`] = `
{
  "ngModule": [Function],
  "providers": [
    [Function],
  ],
}
`;
