// Jest Snapshot v1, https://goo.gl/fbAQLP

exports[`KendoArrayBaseComponent should handle dataStateChange 1`] = `
{
  "data": [
    {
      "id": 12,
    },
    {
      "id": 11,
    },
    {
      "id": 10,
    },
  ],
  "total": 19,
}
`;

exports[`KendoArrayBaseComponent should handle pageChange 1`] = `
{
  "data": [
    {
      "id": 6,
    },
    {
      "id": 9,
    },
    {
      "id": 10,
    },
    {
      "id": 1,
    },
    {
      "id": 2,
    },
    {
      "id": 3,
    },
    {
      "id": 4,
    },
    {
      "id": 5,
    },
    {
      "id": 7,
    },
    {
      "id": 8,
    },
    {
      "id": 11,
    },
    {
      "id": 12,
    },
    {
      "id": 13,
    },
    {
      "id": 14,
    },
    {
      "id": 15,
    },
    {
      "id": 16,
    },
    {
      "id": 17,
    },
    {
      "id": 18,
    },
    {
      "id": 19,
    },
  ],
  "total": 19,
}
`;

exports[`KendoArrayBaseComponent should handle sortChange 1`] = `
{
  "data": [
    {
      "id": 6,
    },
    {
      "id": 9,
    },
    {
      "id": 10,
    },
    {
      "id": 1,
    },
    {
      "id": 2,
    },
    {
      "id": 3,
    },
    {
      "id": 4,
    },
    {
      "id": 5,
    },
    {
      "id": 7,
    },
    {
      "id": 8,
    },
    {
      "id": 11,
    },
    {
      "id": 12,
    },
    {
      "id": 13,
    },
    {
      "id": 14,
    },
    {
      "id": 15,
    },
    {
      "id": 16,
    },
    {
      "id": 17,
    },
    {
      "id": 18,
    },
    {
      "id": 19,
    },
  ],
  "total": 19,
}
`;
