// Jest Snapshot v1, https://goo.gl/fbAQLP

exports[`ProductListComponent it should getFormatSrc 1`] = `
SafeUrlImpl {
  "changingThisBreaksApplicationSecurity": "data:image/png;base64, iVBORw0KGgoAAAANSUhEUgAAAAEAAAABCAYAAAAfFcSJAAAADUlEQVR42mNkYPhfDwAChwGA60e6kgAAAABJRU5ErkJggg==",
}
`;
