// Jest Snapshot v1, https://goo.gl/fbAQLP

exports[`Idle Selectors should select the feature state 1`] = `
Object {
  "getIsTimingOut": [Function],
  "getTimeoutSpanInMs": [Function],
}
`;
