// Jest Snapshot v1, https://goo.gl/fbAQLP

exports[`IdleFacade used in NgModule should signout 1`] = `
{
  "idle": {
    "isTimingOut": false,
    "timeoutSpanInMs": undefined,
  },
  "oidc": {
    "audiences": undefined,
    "errors": {
      "httpError": undefined,
      "signInError": undefined,
      "silentRenewError": undefined,
    },
    "identity": undefined,
    "isExpired": false,
    "isExpiring": false,
    "isLoading": true,
    "isLoggedIn": false,
    "permissions": undefined,
    "userMetadata": null,
  },
}
`;
