// Jest Snapshot v1, https://goo.gl/fbAQLP

exports[`EmployeeEditComponent should update 1`] = `
{
  "addressLine1": "ADDRESS_LINE_1",
  "addressLine2": "ADDRESS_LINE_2",
  "birthDate": Any<Date>,
  "certificationCount": 0,
  "city": "CITY",
  "competencyCount": 0,
  "email": "EMAIL",
  "employeeCertifications": null,
  "employeeCompetencies": null,
  "employeeHealthItems": null,
  "fireDate": Any<Date>,
  "firstName": "FIRST_NAME",
  "healthItemCount": 0,
  "hireDate": Any<Date>,
  "homePhone": "HOME_PHONE",
  "id": "ID",
  "isEnabled": true,
  "lastName": "LAST_NAME",
  "mobilePhone": "MOBILE_PHONE",
  "photo": "PHOTO",
  "state": "ST",
  "totalHoursOfService": 0,
  "zip": "ZIP",
}
`;
