// Jest Snapshot v1, https://goo.gl/fbAQLP

exports[`imng-module generation works 1`] = `
[
  "/test/employees-module/+state/employee-crud.effects.ts",
  "/test/employees-module/+state/employee-list.effects.ts",
  "/test/employees-module/+state/employee.actions.ts",
  "/test/employees-module/+state/employee.feature.ts",
  "/test/employees-module/+state/index.ts",
  "/test/employees-module/employees.module.spec.ts",
  "/test/employees-module/employees.module.ts",
  "/test/employees-module/employees.routing.ts",
]
`;
