// Jest Snapshot v1, https://goo.gl/fbAQLP

exports[`HealthItemAddComponent should save 1`] = `
Object {
  "id": undefined,
  "isEnabled": true,
  "name": "NAME",
}
`;
