// Jest Snapshot v1, https://goo.gl/fbAQLP

exports[`CompetencyEditComponent should update 1`] = `
{
  "id": "ID",
  "isEnabled": true,
  "name": "NAME",
}
`;
